###############################################################################
#
# IAR ELF Linker V7.20.5.7591/W32 for ARM                 06/Jul/2015  16:56:00
# Copyright 2007-2014 IAR Systems AB.
#
#    Output file  =  
#        C:\Users\aziz\Documents\GitHub\ArbotixPro_Port\ArbotixPro_Port-Master\Projects\main\EWARM\Template\Exe\ArbotixPro_Port.out
#    Map file     =  
#        C:\Users\aziz\Documents\GitHub\ArbotixPro_Port\ArbotixPro_Port-Master\Projects\main\EWARM\Template\List\ArbotixPro_Port.map
#    Command line =  
#        C:\Users\aziz\Documents\GitHub\ArbotixPro_Port\ArbotixPro_Port-Master\Projects\main\EWARM\Template\Obj\main.o
#        C:\Users\aziz\Documents\GitHub\ArbotixPro_Port\ArbotixPro_Port-Master\Projects\main\EWARM\Template\Obj\misc.o
#        C:\Users\aziz\Documents\GitHub\ArbotixPro_Port\ArbotixPro_Port-Master\Projects\main\EWARM\Template\Obj\startup_stm32f429_439xx.o
#        C:\Users\aziz\Documents\GitHub\ArbotixPro_Port\ArbotixPro_Port-Master\Projects\main\EWARM\Template\Obj\stm32f429i_discovery.o
#        C:\Users\aziz\Documents\GitHub\ArbotixPro_Port\ArbotixPro_Port-Master\Projects\main\EWARM\Template\Obj\stm32f429i_discovery_lcd.o
#        C:\Users\aziz\Documents\GitHub\ArbotixPro_Port\ArbotixPro_Port-Master\Projects\main\EWARM\Template\Obj\stm32f429i_discovery_sdram.o
#        C:\Users\aziz\Documents\GitHub\ArbotixPro_Port\ArbotixPro_Port-Master\Projects\main\EWARM\Template\Obj\stm32f4xx_crc.o
#        C:\Users\aziz\Documents\GitHub\ArbotixPro_Port\ArbotixPro_Port-Master\Projects\main\EWARM\Template\Obj\stm32f4xx_exti.o
#        C:\Users\aziz\Documents\GitHub\ArbotixPro_Port\ArbotixPro_Port-Master\Projects\main\EWARM\Template\Obj\stm32f4xx_fmc.o
#        C:\Users\aziz\Documents\GitHub\ArbotixPro_Port\ArbotixPro_Port-Master\Projects\main\EWARM\Template\Obj\stm32f4xx_gpio.o
#        C:\Users\aziz\Documents\GitHub\ArbotixPro_Port\ArbotixPro_Port-Master\Projects\main\EWARM\Template\Obj\stm32f4xx_i2c.o
#        C:\Users\aziz\Documents\GitHub\ArbotixPro_Port\ArbotixPro_Port-Master\Projects\main\EWARM\Template\Obj\stm32f4xx_it.o
#        C:\Users\aziz\Documents\GitHub\ArbotixPro_Port\ArbotixPro_Port-Master\Projects\main\EWARM\Template\Obj\stm32f4xx_ltdc.o
#        C:\Users\aziz\Documents\GitHub\ArbotixPro_Port\ArbotixPro_Port-Master\Projects\main\EWARM\Template\Obj\stm32f4xx_pwr.o
#        C:\Users\aziz\Documents\GitHub\ArbotixPro_Port\ArbotixPro_Port-Master\Projects\main\EWARM\Template\Obj\stm32f4xx_rcc.o
#        C:\Users\aziz\Documents\GitHub\ArbotixPro_Port\ArbotixPro_Port-Master\Projects\main\EWARM\Template\Obj\stm32f4xx_rtc.o
#        C:\Users\aziz\Documents\GitHub\ArbotixPro_Port\ArbotixPro_Port-Master\Projects\main\EWARM\Template\Obj\stm32f4xx_sdio.o
#        C:\Users\aziz\Documents\GitHub\ArbotixPro_Port\ArbotixPro_Port-Master\Projects\main\EWARM\Template\Obj\stm32f4xx_spi.o
#        C:\Users\aziz\Documents\GitHub\ArbotixPro_Port\ArbotixPro_Port-Master\Projects\main\EWARM\Template\Obj\stm32f4xx_syscfg.o
#        C:\Users\aziz\Documents\GitHub\ArbotixPro_Port\ArbotixPro_Port-Master\Projects\main\EWARM\Template\Obj\stm32f4xx_tim.o
#        C:\Users\aziz\Documents\GitHub\ArbotixPro_Port\ArbotixPro_Port-Master\Projects\main\EWARM\Template\Obj\stm32f4xx_usart.o
#        C:\Users\aziz\Documents\GitHub\ArbotixPro_Port\ArbotixPro_Port-Master\Projects\main\EWARM\Template\Obj\system_stm32f4xx.o
#        --redirect _Printf=_PrintfSmall --redirect _Scanf=_ScanfSmall -o
#        C:\Users\aziz\Documents\GitHub\ArbotixPro_Port\ArbotixPro_Port-Master\Projects\main\EWARM\Template\Exe\ArbotixPro_Port.out
#        --map
#        C:\Users\aziz\Documents\GitHub\ArbotixPro_Port\ArbotixPro_Port-Master\Projects\main\EWARM\Template\List\ArbotixPro_Port.map
#        --config
#        C:\Users\aziz\Documents\GitHub\ArbotixPro_Port\ArbotixPro_Port-Master\Projects\main\EWARM\stm32f4xx_flash.icf
#        --semihosting --entry __iar_program_start --vfe
#
###############################################################################

*******************************************************************************
*** RUNTIME MODEL ATTRIBUTES
***

CppFlavor       = *
__SystemLibrary = DLib


*******************************************************************************
*** PLACEMENT SUMMARY
***

"A1":  place at 0x08000000 { ro section .intvec };
"P1":  place in [from 0x08000000 to 0x081fffff] { ro };
"P2":  place in [from 0x20000000 to 0x2002ffff] { rw, block CSTACK, block HEAP };

  Section            Kind        Address   Size  Object
  -------            ----        -------   ----  ------
"A1":                                     0x1ac
  .intvec            ro code  0x08000000  0x1ac  startup_stm32f429_439xx.o [1]
                            - 0x080001ac  0x1ac

"P1":                                     0x87c
  .text              ro code  0x080001ac  0x178  main.o [1]
  .text              ro code  0x08000324   0xbc  stm32f4xx_rcc.o [1]
  .text              ro code  0x080003e0   0x94  stm32f4xx_gpio.o [1]
  .text              ro code  0x08000474  0x12c  stm32f4xx_usart.o [1]
  .text              ro code  0x080005a0   0x68  misc.o [1]
  .text              ro code  0x08000608  0x10c  system_stm32f4xx.o [1]
  .text              ro code  0x08000714   0x48  stm32f4xx_it.o [1]
  .text              ro code  0x0800075c   0x2e  copy_init3.o [5]
  .text              ro code  0x0800078a   0x22  zero_init3.o [5]
  .text              ro code  0x080007ac   0x28  data_init.o [5]
  .iar.init_table    const    0x080007d4   0x24  - Linker created -
  .text              ro code  0x080007f8   0x1a  fpinit_M.o [4]
  .text              ro code  0x08000814   0x1a  cmain.o [5]
  .text              ro code  0x0800082e    0x4  low_level_init.o [3]
  .text              ro code  0x08000832    0x4  exit.o [3]
  .text              ro code  0x08000838    0xa  cexit.o [5]
  .text              ro code  0x08000844   0x14  exit.o [6]
  .text              ro code  0x08000858   0x10  startup_stm32f429_439xx.o [1]
  .text              ro code  0x08000868    0xc  cstartup_M.o [5]
  .text              ro code  0x08000874    0x4  startup_stm32f429_439xx.o [1]
  .text              ro code  0x08000878    0x4  startup_stm32f429_439xx.o [1]
  .text              ro code  0x0800087c    0x4  startup_stm32f429_439xx.o [1]
  .text              ro code  0x08000880    0x4  startup_stm32f429_439xx.o [1]
  .text              ro code  0x08000884    0x4  startup_stm32f429_439xx.o [1]
  .text              ro code  0x08000888    0x4  startup_stm32f429_439xx.o [1]
  .text              ro code  0x0800088c    0x4  startup_stm32f429_439xx.o [1]
  .text              ro code  0x08000890    0x4  startup_stm32f429_439xx.o [1]
  .text              ro code  0x08000894    0x4  startup_stm32f429_439xx.o [1]
  .text              ro code  0x08000898    0x4  startup_stm32f429_439xx.o [1]
  .text              ro code  0x0800089c    0x4  startup_stm32f429_439xx.o [1]
  .text              ro code  0x080008a0    0x4  startup_stm32f429_439xx.o [1]
  .text              ro code  0x080008a4    0x4  startup_stm32f429_439xx.o [1]
  .text              ro code  0x080008a8    0x4  startup_stm32f429_439xx.o [1]
  .text              ro code  0x080008ac    0x4  startup_stm32f429_439xx.o [1]
  .text              ro code  0x080008b0    0x4  startup_stm32f429_439xx.o [1]
  .text              ro code  0x080008b4    0x4  startup_stm32f429_439xx.o [1]
  .text              ro code  0x080008b8    0x4  startup_stm32f429_439xx.o [1]
  .text              ro code  0x080008bc    0x4  startup_stm32f429_439xx.o [1]
  .text              ro code  0x080008c0    0x4  startup_stm32f429_439xx.o [1]
  .text              ro code  0x080008c4    0x4  startup_stm32f429_439xx.o [1]
  .text              ro code  0x080008c8    0x4  startup_stm32f429_439xx.o [1]
  .text              ro code  0x080008cc    0x4  startup_stm32f429_439xx.o [1]
  .text              ro code  0x080008d0    0x4  startup_stm32f429_439xx.o [1]
  .text              ro code  0x080008d4    0x4  startup_stm32f429_439xx.o [1]
  .text              ro code  0x080008d8    0x4  startup_stm32f429_439xx.o [1]
  .text              ro code  0x080008dc    0x4  startup_stm32f429_439xx.o [1]
  .text              ro code  0x080008e0    0x4  startup_stm32f429_439xx.o [1]
  .text              ro code  0x080008e4    0x4  startup_stm32f429_439xx.o [1]
  .text              ro code  0x080008e8    0x4  startup_stm32f429_439xx.o [1]
  .text              ro code  0x080008ec    0x4  startup_stm32f429_439xx.o [1]
  .text              ro code  0x080008f0    0x4  startup_stm32f429_439xx.o [1]
  .text              ro code  0x080008f4    0x4  startup_stm32f429_439xx.o [1]
  .text              ro code  0x080008f8    0x4  startup_stm32f429_439xx.o [1]
  .text              ro code  0x080008fc    0x4  startup_stm32f429_439xx.o [1]
  .text              ro code  0x08000900    0x4  startup_stm32f429_439xx.o [1]
  .text              ro code  0x08000904    0x4  startup_stm32f429_439xx.o [1]
  .text              ro code  0x08000908    0x4  startup_stm32f429_439xx.o [1]
  .text              ro code  0x0800090c    0x4  startup_stm32f429_439xx.o [1]
  .text              ro code  0x08000910    0x4  startup_stm32f429_439xx.o [1]
  .text              ro code  0x08000914    0x4  startup_stm32f429_439xx.o [1]
  .text              ro code  0x08000918    0x4  startup_stm32f429_439xx.o [1]
  .text              ro code  0x0800091c    0x4  startup_stm32f429_439xx.o [1]
  .text              ro code  0x08000920    0x4  startup_stm32f429_439xx.o [1]
  .text              ro code  0x08000924    0x4  startup_stm32f429_439xx.o [1]
  .text              ro code  0x08000928    0x4  startup_stm32f429_439xx.o [1]
  .text              ro code  0x0800092c    0x4  startup_stm32f429_439xx.o [1]
  .text              ro code  0x08000930    0x4  startup_stm32f429_439xx.o [1]
  .text              ro code  0x08000934    0x4  startup_stm32f429_439xx.o [1]
  .text              ro code  0x08000938    0x4  startup_stm32f429_439xx.o [1]
  .text              ro code  0x0800093c    0x4  startup_stm32f429_439xx.o [1]
  .text              ro code  0x08000940    0x4  startup_stm32f429_439xx.o [1]
  .text              ro code  0x08000944    0x4  startup_stm32f429_439xx.o [1]
  .text              ro code  0x08000948    0x4  startup_stm32f429_439xx.o [1]
  .text              ro code  0x0800094c    0x4  startup_stm32f429_439xx.o [1]
  .text              ro code  0x08000950    0x4  startup_stm32f429_439xx.o [1]
  .text              ro code  0x08000954    0x4  startup_stm32f429_439xx.o [1]
  .text              ro code  0x08000958    0x4  startup_stm32f429_439xx.o [1]
  .text              ro code  0x0800095c    0x4  startup_stm32f429_439xx.o [1]
  .text              ro code  0x08000960    0x4  startup_stm32f429_439xx.o [1]
  .text              ro code  0x08000964    0x4  startup_stm32f429_439xx.o [1]
  .text              ro code  0x08000968    0x4  startup_stm32f429_439xx.o [1]
  .text              ro code  0x0800096c    0x4  startup_stm32f429_439xx.o [1]
  .text              ro code  0x08000970    0x4  startup_stm32f429_439xx.o [1]
  .text              ro code  0x08000974    0x4  startup_stm32f429_439xx.o [1]
  .text              ro code  0x08000978    0x4  startup_stm32f429_439xx.o [1]
  .text              ro code  0x0800097c    0x4  startup_stm32f429_439xx.o [1]
  .text              ro code  0x08000980    0x4  startup_stm32f429_439xx.o [1]
  .text              ro code  0x08000984    0x4  startup_stm32f429_439xx.o [1]
  .text              ro code  0x08000988    0x4  startup_stm32f429_439xx.o [1]
  .text              ro code  0x0800098c    0x4  startup_stm32f429_439xx.o [1]
  .text              ro code  0x08000990    0x4  startup_stm32f429_439xx.o [1]
  .text              ro code  0x08000994    0x4  startup_stm32f429_439xx.o [1]
  .text              ro code  0x08000998    0x4  startup_stm32f429_439xx.o [1]
  .text              ro code  0x0800099c    0x4  startup_stm32f429_439xx.o [1]
  .text              ro code  0x080009a0    0x4  startup_stm32f429_439xx.o [1]
  .text              ro code  0x080009a4    0x4  startup_stm32f429_439xx.o [1]
  .text              ro code  0x080009a8    0x4  startup_stm32f429_439xx.o [1]
  .text              ro code  0x080009ac    0x4  startup_stm32f429_439xx.o [1]
  .text              ro code  0x080009b0    0x4  startup_stm32f429_439xx.o [1]
  .text              ro code  0x080009b4    0x4  startup_stm32f429_439xx.o [1]
  .text              ro code  0x080009b8    0x4  startup_stm32f429_439xx.o [1]
  .text              ro code  0x080009bc    0x4  startup_stm32f429_439xx.o [1]
  .text              ro code  0x080009c0    0x4  startup_stm32f429_439xx.o [1]
  .text              ro code  0x080009c4    0x4  startup_stm32f429_439xx.o [1]
  .text              ro code  0x080009c8    0x4  startup_stm32f429_439xx.o [1]
  .text              ro code  0x080009cc    0x4  startup_stm32f429_439xx.o [1]
  .text              ro code  0x080009d0    0x4  startup_stm32f429_439xx.o [1]
  .text              ro code  0x080009d4    0x4  startup_stm32f429_439xx.o [1]
  .text              ro code  0x080009d8    0x4  startup_stm32f429_439xx.o [1]
  .text              ro code  0x080009dc    0x4  startup_stm32f429_439xx.o [1]
  .text              ro code  0x080009e0    0x4  startup_stm32f429_439xx.o [1]
  .text              ro code  0x080009e4    0x4  startup_stm32f429_439xx.o [1]
  .text              ro code  0x080009e8    0x4  startup_stm32f429_439xx.o [1]
  .text              ro code  0x080009ec    0x4  startup_stm32f429_439xx.o [1]
  .text              ro code  0x080009f0    0x4  startup_stm32f429_439xx.o [1]
  .text              ro code  0x080009f4    0x4  startup_stm32f429_439xx.o [1]
  .text              ro code  0x080009f8    0x4  startup_stm32f429_439xx.o [1]
  .text              ro code  0x080009fc    0x4  startup_stm32f429_439xx.o [1]
  .text              ro code  0x08000a00    0x4  startup_stm32f429_439xx.o [1]
  .rodata            const    0x08000a04    0x0  zero_init3.o [5]
  .rodata            const    0x08000a04    0x0  copy_init3.o [5]
  Initializer bytes  ro data  0x08000a04   0x24  <for P2 s0>
                            - 0x08000a28  0x87c

"P2":                                     0x428
  P2 s0                       0x20000000   0x24  <Init block>
    .data            inited   0x20000000   0x14  system_stm32f4xx.o [1]
    .data            inited   0x20000014   0x10  stm32f4xx_rcc.o [1]
  .bss               zero     0x20000024    0x4  stm32f4xx_it.o [1]
  CSTACK                      0x20000028  0x400  <Block>
    CSTACK           uninit   0x20000028  0x400  <Block tail>
                            - 0x20000428  0x428


*******************************************************************************
*** INIT TABLE
***

          Address     Size
          -------     ----
Zero (__iar_zero_init3)
    1 destination range, total size 0x4:
          0x20000024   0x4

Copy (__iar_copy_init3)
    1 source range, total size 0x24:
          0x08000a04  0x24
    1 destination range, total size 0x24:
          0x20000000  0x24



*******************************************************************************
*** MODULE SUMMARY
***

    Module                     ro code  ro data  rw data
    ------                     -------  -------  -------
C:\Users\aziz\Documents\GitHub\ArbotixPro_Port\ArbotixPro_Port-Master\Projects\main\EWARM\Template\Obj: [1]
    main.o                         376
    misc.o                         104
    startup_stm32f429_439xx.o      844
    stm32f4xx_gpio.o               148
    stm32f4xx_it.o                  72                 4
    stm32f4xx_rcc.o                188       16       16
    stm32f4xx_usart.o              300
    system_stm32f4xx.o             268       20       20
    ----------------------------------------------------
    Total:                       2 300       36       40

command line: [2]
    ----------------------------------------------------
    Total:

dl7M_tln.a: [3]
    exit.o                           4
    low_level_init.o                 4
    ----------------------------------------------------
    Total:                           8

m7M_tlv.a: [4]
    fpinit_M.o                      26
    ----------------------------------------------------
    Total:                          26

rt7M_tl.a: [5]
    cexit.o                         10
    cmain.o                         26
    copy_init3.o                    46
    cstartup_M.o                    12
    data_init.o                     40
    zero_init3.o                    34
    ----------------------------------------------------
    Total:                         168

shb_l.a: [6]
    exit.o                          20
    ----------------------------------------------------
    Total:                          20

    Gaps                             6
    Linker created                           36    1 024
--------------------------------------------------------
    Grand Total:                 2 528       72    1 064


*******************************************************************************
*** ENTRY LIST
***

Entry                      Address  Size  Type      Object
-----                      -------  ----  ----      ------
?main                   0x08000815        Code  Gb  cmain.o [5]
AHBPrescTable           0x20000000  0x10  Data  Gb  system_stm32f4xx.o [1]
APBAHBPrescTable        0x20000014  0x10  Data  Lc  stm32f4xx_rcc.o [1]
BusFault_Handler        0x0800071b   0x2  Code  Gb  stm32f4xx_it.o [1]
CSTACK$$Base            0x20000028         --   Gb  - Linker created -
CSTACK$$Limit           0x20000428         --   Gb  - Linker created -
ConfigureUsart          0x0800023b  0xa2  Code  Gb  main.o [1]
DebugMon_Handler        0x08000721   0x2  Code  Gb  stm32f4xx_it.o [1]
Delay                   0x08000205  0x12  Code  Gb  main.o [1]
GPIO_Init               0x080003e1  0x70  Code  Gb  stm32f4xx_gpio.o [1]
GPIO_PinAFConfig        0x08000451  0x24  Code  Gb  stm32f4xx_gpio.o [1]
GPIO_Set_output         0x08000217  0x24  Code  Gb  main.o [1]
HardFault_Handler       0x08000717   0x2  Code  Gb  stm32f4xx_it.o [1]
MemManage_Handler       0x08000719   0x2  Code  Gb  stm32f4xx_it.o [1]
NMI_Handler             0x08000715   0x2  Code  Gb  stm32f4xx_it.o [1]
NVIC_Init               0x080005a1  0x58  Code  Gb  misc.o [1]
PendSV_Handler          0x08000723   0x2  Code  Gb  stm32f4xx_it.o [1]
RCC_AHB1PeriphClockCmd  0x080003a5  0x12  Code  Gb  stm32f4xx_rcc.o [1]
RCC_APB2PeriphClockCmd  0x080003b7  0x12  Code  Gb  stm32f4xx_rcc.o [1]
RCC_GetClocksFreq       0x08000325  0x80  Code  Gb  stm32f4xx_rcc.o [1]
Region$$Table$$Base     0x080007d4         --   Gb  - Linker created -
Region$$Table$$Limit    0x080007f8         --   Gb  - Linker created -
SVC_Handler             0x0800071f   0x2  Code  Gb  stm32f4xx_it.o [1]
SendData                0x080002f9  0x22  Code  Gb  main.o [1]
SysTicDelay             0x20000024   0x4  Data  Gb  stm32f4xx_it.o [1]
SysTick_Handler         0x08000725   0xe  Code  Gb  stm32f4xx_it.o [1]
SystemCoreClock         0x20000010   0x4  Data  Gb  system_stm32f4xx.o [1]
SystemInit              0x08000609  0xea  Code  Gb  system_stm32f4xx.o [1]
USART1_IRQHandler       0x08000733  0x1e  Code  Gb  stm32f4xx_it.o [1]
USART_Cmd               0x08000519  0x14  Code  Gb  stm32f4xx_usart.o [1]
USART_GetITStatus       0x08000565  0x3c  Code  Gb  stm32f4xx_usart.o [1]
USART_ITConfig          0x08000535  0x30  Code  Gb  stm32f4xx_usart.o [1]
USART_Init              0x08000475  0x9a  Code  Gb  stm32f4xx_usart.o [1]
USART_SendData          0x0800052d   0x8  Code  Gb  stm32f4xx_usart.o [1]
UsageFault_Handler      0x0800071d   0x2  Code  Gb  stm32f4xx_it.o [1]
__as_entries_start      0xffffffff         --   Gb  command line/config [2]
__as_table_start        0xffffffff         --   Gb  command line/config [2]
__cmain                 0x08000815        Code  Gb  cmain.o [5]
__exit                  0x08000845  0x14  Code  Gb  exit.o [6]
__iar_copy_init3        0x0800075d  0x2e  Code  Gb  copy_init3.o [5]
__iar_data_init3        0x080007ad  0x28  Code  Gb  data_init.o [5]
__iar_init_vfp          0x080007f9        Code  Gb  fpinit_M.o [4]
__iar_program_start     0x08000869        Code  Gb  cstartup_M.o [5]
__iar_zero_init3        0x0800078b  0x22  Code  Gb  zero_init3.o [5]
__low_level_init        0x0800082f   0x4  Code  Gb  low_level_init.o [3]
__vector_table          0x08000000        Data  Gb  startup_stm32f429_439xx.o [1]
_call_main              0x08000821        Code  Gb  cmain.o [5]
_exit                   0x08000839        Code  Gb  cexit.o [5]
_main                   0x0800082b        Code  Gb  cmain.o [5]
exit                    0x08000833   0x4  Code  Gb  exit.o [3]
main                    0x080001ad  0x58  Code  Gb  main.o [1]


[1] = C:\Users\aziz\Documents\GitHub\ArbotixPro_Port\ArbotixPro_Port-Master\Projects\main\EWARM\Template\Obj
[2] = command line
[3] = dl7M_tln.a
[4] = m7M_tlv.a
[5] = rt7M_tl.a
[6] = shb_l.a

  2 528 bytes of readonly  code memory
     72 bytes of readonly  data memory
  1 064 bytes of readwrite data memory

Errors: none
Warnings: none
